000000001JOHN                     SMITH                    123 MAIN STREET                           APT 4B                                                            NEW YORK                          NY US 10001     (555)123-4567     XXX-XX-1234    VALID    
000000002JANE                     JOHNSON                  456 OAK AVENUE                            SUITE 200                                                        CHICAGO                           IL US 60601     (555)987-6543     XXX-XX-5678    VALID    
000000003ROBERT                   WILLIAMS                 789 PINE DRIVE                                                                                             LOS ANGELES                       CA US 90210     (555)555-5555     XXX-XX-9012    VALID    
000000004MARY                     BROWN                    321 ELM STREET                            UNIT 15                                                          HOUSTON                           TX US 77001     (555)444-3333     XXX-XX-3456    VALID    
000000005MICHAEL                  DAVIS                    654 MAPLE LANE                                                                                             PHOENIX                           AZ US 85001     (555)777-8888     XXX-XX-7890    VALID    
000000006SARAH                    MILLER                   987 CEDAR COURT                           APT 12C                                                          PHILADELPHIA                      PA US 19101     (555)222-1111     XXX-XX-2345    VALID    
000000007DAVID                    WILSON                   147 BIRCH ROAD                                                                                             SAN ANTONIO                       TX US 78201     (555)999-0000     XXX-XX-6789    VALID    
000000008LINDA                    MOORE                    258 SPRUCE STREET                         FLOOR 3                                                          SAN DIEGO                         CA US 92101     (555)666-7777     XXX-XX-0123    VALID    
000000009JAMES                    TAYLOR                   369 WALNUT AVENUE                                                                                          DALLAS                            TX US 75201     (555)333-4444     XXX-XX-4567    VALID    
000000010PATRICIA                 ANDERSON                 741 CHERRY LANE                           BUILDING A                                                       SAN JOSE                          CA US 95101     (555)111-2222     XXX-XX-8901    VALID    
000000011CHRISTOPHER              THOMAS                   852 HICKORY DRIVE                                                                                          AUSTIN                            TX US 73301     (555)888-9999     XXX-XX-5012    VALID    
000000012BARBARA                  JACKSON                  963 MAGNOLIA STREET                       UNIT 7                                                           JACKSONVILLE                      FL US 32099     (555)444-5555     XXX-XX-3456    VALID    
000000013WILLIAM                  WHITE                    159 POPLAR COURT                                                                                           FORT WORTH                        TX US 76101     (555)777-1111     XXX-XX-7890    VALID    
000000014ELIZABETH                HARRIS                   357 SYCAMORE ROAD                         APT 9A                                                           COLUMBUS                          OH US 43085     (555)222-8888     XXX-XX-2345    VALID    
000000015RICHARD                  MARTIN                   486 REDWOOD LANE                                                                                           CHARLOTTE                         NC US 28201     (555)999-3333     XXX-XX-6789    VALID    
000000016SUSAN                    THOMPSON                 624 PALM AVENUE                           SUITE 500                                                        INDIANAPOLIS                      IN US 46201     (555)666-0000     XXX-XX-0123    VALID    
000000017JOSEPH                   GARCIA                   713 BAMBOO STREET                                                                                          SAN FRANCISCO                     CA US 94101     (555)333-7777     XXX-XX-4567    VALID    
000000018JESSICA                  MARTINEZ                 891 PINE CIRCLE                           FLOOR 2                                                          SEATTLE                           WA US 98101     (555)111-4444     XXX-XX-8901    VALID    
000000019THOMAS                   ROBINSON                 975 CEDAR PLACE                                                                                           DENVER                            CO US 80201     (555)888-2222     XXX-XX-5012    VALID    
000000020SARAH                    CLARK                    132 MAPLE COURT                           UNIT 21                                                          WASHINGTON                        DC US 20001     (555)444-9999     XXX-XX-3456    VALID    
000000021CHARLES                  RODRIGUEZ                246 OAK PLAZA                                                                                             BOSTON                            MA US 02101     (555)777-5555     XXX-XX-7890    VALID    
000000022NANCY                    LEWIS                    357 ELM CIRCLE                            APT 8B                                                           DETROIT                           MI US 48201     (555)222-1111     XXX-XX-2345    VALID    
000000023DANIEL                   LEE                      468 BIRCH PLAZA                                                                                           MEMPHIS                           TN US 38101     (555)999-8888     XXX-XX-6789    VALID    
000000024HELEN                    WALKER                   579 SPRUCE PLACE                          BUILDING C                                                       BALTIMORE                         MD US 21201     (555)666-3333     XXX-XX-0123    VALID    
000000025MATTHEW                  HALL                     681 WALNUT COURT                                                                                          MILWAUKEE                         WI US 53201     (555)333-0000     XXX-XX-4567    VALID    
000000026BETTY                    ALLEN                    792 CHERRY PLAZA                          SUITE 100                                                        ALBUQUERQUE                       NM US 87101     (555)111-7777     XXX-XX-8901    VALID    
000000027MARK                     YOUNG                    814 HICKORY PLACE                                                                                          TUCSON                            AZ US 85701     (555)888-4444     XXX-XX-5012    VALID    
000000028DOROTHY                  HERNANDEZ                925 MAGNOLIA COURT                        APT 15D                                                          FRESNO                            CA US 93701     (555)444-2222     XXX-XX-3456    VALID    
000000029DONALD                   KING                     136 POPLAR PLAZA                                                                                          SACRAMENTO                        CA US 95814     (555)777-9999     XXX-XX-7890    VALID    
000000030LISA                     WRIGHT                   247 SYCAMORE PLACE                        FLOOR 1                                                          LONG BEACH                        CA US 90801     (555)222-5555     XXX-XX-2345    VALID    
000000031ANTHONY                  LOPEZ                    358 REDWOOD COURT                                                                                          KANSAS CITY                       MO US 64101     (555)999-1111     XXX-XX-6789    VALID    
000000032DONNA                    HILL                     469 PALM PLAZA                           UNIT 33                                                          MESA                              AZ US 85201     (555)666-8888     XXX-XX-0123    VALID    
000000033PAUL                     SCOTT                    571 BAMBOO PLACE                                                                                          VIRGINIA BEACH                    VA US 23451     (555)333-3333     XXX-XX-4567    VALID    
000000034CAROL                    GREEN                    682 PINE COURT                            BUILDING D                                                       ATLANTA                           GA US 30301     (555)111-0000     XXX-XX-8901    VALID    
000000035STEVEN                   ADAMS                    793 CEDAR PLAZA                                                                                           COLORADO SPRINGS                  CO US 80901     (555)888-7777     XXX-XX-5012    VALID    
000000036RUTH                     BAKER                    815 MAPLE PLACE                          APT 6C                                                           RALEIGH                           NC US 27601     (555)444-4444     XXX-XX-3456    VALID    
000000037ANDREW                   GONZALEZ                 926 OAK COURT                                                                                             OMAHA                             NE US 68101     (555)777-2222     XXX-XX-7890    VALID    
000000038SHARON                   NELSON                   137 ELM PLAZA                            SUITE 250                                                        MIAMI                             FL US 33101     (555)222-9999     XXX-XX-2345    VALID    
000000039JOSHUA                   CARTER                   248 BIRCH PLACE                                                                                           OAKLAND                           CA US 94601     (555)999-5555     XXX-XX-6789    VALID    
000000040MICHELLE                 MITCHELL                 359 SPRUCE COURT                          FLOOR 4                                                          MINNEAPOLIS                       MN US 55401     (555)666-1111     XXX-XX-0123    VALID    
000000041                                                                                                                                                                                                                                      INVALID  
000000042A                        B                        C                                                                                                          D                                 E  F  00000                             INVALID  
000000043TESTUSER                 TESTUSER                 TEST ADDRESS WITH VERY LONG STREET NAMETEST APT 999                                                      TEST CITY WITH VERY LONG NAME      NY US 12345     (999)999-9999     XXX-XX-9999    VALID    
000000044SPECIAL@CHAR#            NAME$WITH%CHARS          123 SPECIAL&CHARS* STREET                 UNIT (PARENTHESES)                                           CITY@WITH#SPECIAL$CHARS           CA US 90210     (555)123-4567     XXX-XX-1111    VALID    
000000045EDGE                     CASE                     9999 BOUNDARY VALUE TESTING STREET                                                                        EDGE CASE CITY                    XX US 99999     (000)000-0000     XXX-XX-0000    VALID    
000000046NULL                     TEST                                                                                                                                                                  XX XX           (   )   -       XXX-XX-        INVALID  
000000047LONG                     FIELDNAMEEXCEEDINGLIMIT  ADDRESS FIELD THAT EXCEEDS THE MAXIMUM  CONTINUATION OF VERY LONG ADDRESS              CONTINUATION AGAIN                EXCEEDS MAXIMUM CITY NAME LENGTH  XX US 99999     (999)999-9999     XXX-XX-9999    VALID    
000000048NUMERIC123               FIELD456                 789 NUMERIC STREET                                                                                        NUMERIC CITY 000                  XX US 00000     (123)456-7890     XXX-XX-0000    VALID    
000000049MINIMUM                  CASE                     1                                                                                                          A                                 X  X  1         (0)0-0            XXX-XX-0001    VALID    
000000050MAXIMUM                  TEST                     99999999999999999999999999999999999999999999999999999999999999999999999999999999999999999999999999  99999999999999999999999999999999999999999999999999999999999999999999999999999999999999999999999999  MAXIMUM CITY NAME LENGTH XXXXXXXX  XX US 99999     (999)999-9999     XXX-XX-9999    VALID    
EOF CUSTOMER PROCESSOR JOB COMPLETED - 50 RECORDS PROCESSED - 47 VALID - 3 INVALID