DAILY TRANSACTION PROCESSING - BATCH JOB CBTRN01C                   
PROCESSING DATE: 2022-06-10    TIME: 19:35:12                      
================================================================    

TRANS-ID         ACCT-ID     AMOUNT      AUTH-CODE STATUS POST-DATE 
----------------------------------------------------------------    
0000000000683580 10001000001 0000005047H OK6780    00     20220610
0000000001774260 10003000001 0000009190J OK7291    00     20220610
0000000006292564 10001000001 0000000678H OK5642    00     20220610
0000000009101861 10001000001 0000002817G OK4398    00     20220610
0000000010142252 10001000001 0000004546F OK7824    00     20220610
0000000010229018 10001000001 0000008499I OK6591    00     20220610
0000000016259484 10003000001 0000000567P OK8273    00     20220610
0000000017874199 10001000001 0000003736F OK5149    00     20220610
0000000019065428 10003000001 0000005358Q OK7658    00     20220610
0000000021711604 10001000001 0000004161A OK4927    00     20220610
0000000025430891 10001000001 0000000943C OK8362    00     20220610
0000000028097268 10001000001 0000002502B OK5738    00     20220610
0000000030755266 10001000001 0000008295E OK6484    00     20220610
0000000032979555 10001000001 0000000294D OK7951    00     20220610
0000000033688127 10001000001 0000009589I OK5267    00     20220610
0000000040455859 10001000001 0000007154D OK8139    00     20220610
0000000043636099 10003000001 0000009456O OK4682    00     20220610
0000000051205286 10001000001 0000006493C OK7548    00     20220610
0000000054288996 10001000001 0000005026F OK6394    00     20220610
0000000054727064 10001000001 0000003031A OK8271    00     20220610
0000000061448291 10002000001 0000001847B OK5693    00     20220610
0000000064523789 10002000001 0000004928E OK7265    00     20220610
0000000068154726 10002000001 0000000825A OK4871    00     20220610
0000000071285639 10002000001 0000007362D OK6587    00     20220610
0000000073947281 10002000001 0000002156C OK8429    00     20220610
0000000076831924 10002000001 0000005739F OK5172    00     20220610
0000000079264835 10002000001 0000000462H OK7948    00     20220610
0000000082537194 10002000001 0000008713G OK6324    00     20220610
0000000085691743 10002000001 0000003845I OK4769    00     20220610
0000000088274659 10002000001 0000001529E OK7851    00     20220610
0000000091567382 10002000001 0000006284C OK5693    00     20220610
0000000094829156 10002000001 0000004197A OK8276    00     20220610
0000000097631482 10002000001 0000002837F OK6148    00     20220610
0000000099284756 10002000001 0000007649B OK4925    00     20220610
0000000101847293 10002000001 0000005382D OK7537    00     20220610

ACCOUNT BALANCE UPDATES                                             
----------------------------------------------------------------    
ACCOUNT-ID  PREV-BALANCE  TRANS-AMT    NEW-BALANCE  STATUS         
10001000001 0012547.85    +0000850.42  0013398.27   UPDATED        
10001000001 0013398.27    +0000067.8   0013466.07   UPDATED        
10001000001 0013466.07    +0000281.7   0013747.77   UPDATED        
10001000001 0013747.77    +0000454.6   0014202.37   UPDATED        
10001000001 0014202.37    +0000849.9   0015052.27   UPDATED        
10001000001 0015052.27    +0000373.6   0015425.87   UPDATED        
10001000001 0015425.87    +0000094.3   0015520.17   UPDATED        
10001000001 0015520.17    +0000250.2   0015770.37   UPDATED        
10001000001 0015770.37    +0000829.5   0016599.87   UPDATED        
10001000001 0016599.87    +0000416.1   0017015.97   UPDATED        
10001000001 0017015.97    +0000094.3   0017110.27   UPDATED        
10001000001 0017110.27    +0000715.4   0017825.67   UPDATED        
10001000001 0017825.67    +0000029.4   0017855.07   UPDATED        
10001000001 0017855.07    +0000958.9   0018813.97   UPDATED        
10001000001 0018813.97    +0000649.3   0019463.27   UPDATED        
10001000001 0019463.27    +0000502.6   0019965.87   UPDATED        
10002000001 0008742.19    +0000184.7   0008926.89   UPDATED        
10002000001 0008926.89    +0000492.8   0009419.69   UPDATED        
10002000001 0009419.69    +0000082.5   0009502.19   UPDATED        
10002000001 0009502.19    +0000736.2   0010238.39   UPDATED        
10002000001 0010238.39    +0000215.6   0010453.99   UPDATED        
10002000001 0010453.99    +0000573.9   0011027.89   UPDATED        
10002000001 0011027.89    +0000046.2   0011074.09   UPDATED        
10002000001 0011074.09    +0000871.3   0011945.39   UPDATED        
10002000001 0011945.39    +0000384.5   0012329.89   UPDATED        
10002000001 0012329.89    +0000152.9   0012482.79   UPDATED        
10002000001 0012482.79    +0000628.4   0013111.19   UPDATED        
10002000001 0013111.19    +0000419.7   0013530.89   UPDATED        
10002000001 0013530.89    +0000283.7   0013814.59   UPDATED        
10002000001 0013814.59    +0000764.9   0014579.49   UPDATED        
10002000001 0014579.49    +0000538.2   0015117.69   UPDATED        
10003000001 0006524.73    -0000919.0   0005605.73   UPDATED        
10003000001 0005605.73    -0000056.7   0005549.03   UPDATED        
10003000001 0005549.03    -0000535.8   0005013.23   UPDATED        
10003000001 0005013.23    -0000945.6   0004067.63   UPDATED        

TRANSACTION TYPE SUMMARY                                            
----------------------------------------------------------------    
TRANSACTION TYPE    COUNT    TOTAL-AMOUNT      AVG-AMOUNT          
01 - PURCHASE        31      0015789.47        0000509.34          
03 - RETURN           4      0002457.10        0000614.28          
                   ----      ----------        ----------          
TOTAL PROCESSED      35      0013332.37        0000380.93          

AUTHORIZATION STATISTICS                                            
----------------------------------------------------------------    
AUTHORIZATION STATUS    COUNT    PERCENTAGE                        
00 - APPROVED            35      100.00%                          
01 - DECLINED             0      000.00%                          
02 - CALL CENTER          0      000.00%                          
03 - HOLD                 0      000.00%                          

BATCH PROCESSING TOTALS                                             
----------------------------------------------------------------    
TOTAL TRANSACTIONS READ:        00000035                           
TOTAL TRANSACTIONS PROCESSED:   00000035                           
TOTAL TRANSACTIONS APPROVED:    00000035                           
TOTAL TRANSACTIONS DECLINED:    00000000                           
TOTAL BALANCE UPDATES:          00000035                           
TOTAL CREDIT AMOUNT:            00015789.47                        
TOTAL DEBIT AMOUNT:             00002457.10                        
NET TRANSACTION AMOUNT:         00013332.37                        

ERROR SUMMARY                                                       
----------------------------------------------------------------    
VALIDATION ERRORS:              00000000                           
PROCESSING ERRORS:              00000000                           
AUTHORIZATION FAILURES:         00000000                           
BALANCE UPDATE FAILURES:        00000000                           

JOB COMPLETION STATUS                                               
================================================================    
JOB NAME:           DAILY-TRANSACTION-JOB                          
JOB ID:             CBTRN01C-20220610-193512                       
START TIME:         2022-06-10 19:35:12.000                        
END TIME:           2022-06-10 19:37:48.000                        
ELAPSED TIME:       00:02:36                                       
EXIT CODE:          0000                                            
STATUS:             COMPLETED SUCCESSFULLY                          

CICS TRANSACTION BOUNDARIES PRESERVED                              
COMMIT FREQUENCY:   00001000                                       
TOTAL COMMITS:      00000001                                       
ROLLBACKS:          00000000                                       

================================================================    
END OF DAILY TRANSACTION PROCESSING REPORT                         
================================================================    