# Edge Cases Expected Test Output File
# COBOL to Java Migration - Comprehensive Edge Case Testing
# Maintains 100% functional parity with COBOL behavior
# All values must match COBOL COMP-3 precision and rounding

# ========================================================================
# SECTION 1: MAXIMUM VALUE BOUNDARY CONDITIONS
# ========================================================================

# Test Case: EC-001 - Maximum Account Balance (S9(10)V99)
TESTCASE=EC-001-MAX-ACCT-BALANCE
ACCT_ID=99999999999
ACCT_CURR_BAL=9999999999.99
ACCT_CREDIT_LIMIT=9999999999.99
ACCT_CASH_CREDIT_LIMIT=9999999999.99
EXPECTED_RESULT=SUCCESS
EXPECTED_VALIDATION=PASS
COMP3_PRECISION_CHECK=EXACT_MATCH

# Test Case: EC-002 - Maximum Transaction Amount (S9(09)V99)
TESTCASE=EC-002-MAX-TRAN-AMOUNT
TRAN_ID=9999999999999999
TRAN_AMT=999999999.99
TRAN_TYPE_CD=01
ACCT_ID=99999999999
EXPECTED_RESULT=SUCCESS
EXPECTED_VALIDATION=PASS
COMP3_PRECISION_CHECK=EXACT_MATCH

# Test Case: EC-003 - Maximum Credit Cycle Values
TESTCASE=EC-003-MAX-CYCLE-VALUES
ACCT_ID=99999999999
ACCT_CURR_CYC_CREDIT=9999999999.99
ACCT_CURR_CYC_DEBIT=9999999999.99
EXPECTED_RESULT=SUCCESS
EXPECTED_VALIDATION=PASS
COMP3_OVERFLOW_CHECK=NO_OVERFLOW

# ========================================================================
# SECTION 2: MINIMUM VALUE BOUNDARY CONDITIONS
# ========================================================================

# Test Case: EC-004 - Minimum Negative Account Balance
TESTCASE=EC-004-MIN-ACCT-BALANCE
ACCT_ID=00000000001
ACCT_CURR_BAL=-9999999999.99
ACCT_CREDIT_LIMIT=0000000000.00
ACCT_CASH_CREDIT_LIMIT=0000000000.00
EXPECTED_RESULT=SUCCESS
EXPECTED_VALIDATION=PASS
COMP3_SIGN_CHECK=NEGATIVE_PRESERVED

# Test Case: EC-005 - Minimum Transaction Amount
TESTCASE=EC-005-MIN-TRAN-AMOUNT
TRAN_ID=0000000000000001
TRAN_AMT=-999999999.99
TRAN_TYPE_CD=02
ACCT_ID=00000000001
EXPECTED_RESULT=SUCCESS
EXPECTED_VALIDATION=PASS
COMP3_SIGN_CHECK=NEGATIVE_PRESERVED

# Test Case: EC-006 - Zero Amount Transactions
TESTCASE=EC-006-ZERO-AMOUNTS
ACCT_ID=00000000001
ACCT_CURR_BAL=0000000000.00
TRAN_AMT=0000000000.00
ACCT_CREDIT_LIMIT=0000000000.00
EXPECTED_RESULT=SUCCESS
EXPECTED_VALIDATION=PASS
COMP3_ZERO_CHECK=EXACT_ZERO

# ========================================================================
# SECTION 3: COMP-3 PRECISION AND OVERFLOW CONDITIONS
# ========================================================================

# Test Case: EC-007 - COMP-3 Precision Boundary
TESTCASE=EC-007-COMP3-PRECISION
ACCT_ID=12345678901
ACCT_CURR_BAL=1234567890.12
TRAN_AMT=123456789.01
CALCULATION_RESULT=1358024679.13
EXPECTED_PRECISION_DIGITS=12
EXPECTED_SCALE_DIGITS=2
COMP3_PACKED_DECIMAL_CHECK=EXACT_MATCH

# Test Case: EC-008 - COMP-3 Overflow Prevention
TESTCASE=EC-008-COMP3-OVERFLOW
ACCT_ID=99999999999
ACCT_CURR_BAL=9999999999.98
TRAN_AMT=0000000000.01
EXPECTED_OVERFLOW_HANDLING=OVERFLOW_ERROR
EXPECTED_ERROR_CODE=COMP3_OVERFLOW
EXPECTED_RESULT=ERROR

# Test Case: EC-009 - COMP-3 Underflow Prevention
TESTCASE=EC-009-COMP3-UNDERFLOW
ACCT_ID=00000000001
ACCT_CURR_BAL=-9999999999.98
TRAN_AMT=-0000000000.01
EXPECTED_UNDERFLOW_HANDLING=UNDERFLOW_ERROR
EXPECTED_ERROR_CODE=COMP3_UNDERFLOW
EXPECTED_RESULT=ERROR

# Test Case: EC-010 - COMP-3 Rounding Edge Cases
TESTCASE=EC-010-COMP3-ROUNDING
TRAN_AMT_INPUT=123.456789
EXPECTED_ROUNDED_AMOUNT=123.46
ROUNDING_MODE=HALF_UP
COMP3_ROUNDING_CHECK=COBOL_COMPATIBLE

# ========================================================================
# SECTION 4: DATE BOUNDARY CONDITIONS
# ========================================================================

# Test Case: EC-011 - Leap Year Date Processing
TESTCASE=EC-011-LEAP-YEAR
ACCT_OPEN_DATE=2024-02-29
ACCT_EXPIRAION_DATE=2028-02-29
ACCT_REISSUE_DATE=2024-02-29
EXPECTED_VALIDATION=VALID_LEAP_YEAR
EXPECTED_RESULT=SUCCESS

# Test Case: EC-012 - Invalid Leap Year Date
TESTCASE=EC-012-INVALID-LEAP-YEAR
ACCT_OPEN_DATE=2023-02-29
EXPECTED_VALIDATION=INVALID_DATE
EXPECTED_ERROR_CODE=INVALID_LEAP_YEAR
EXPECTED_RESULT=ERROR

# Test Case: EC-013 - Century Boundary Date (Y2K)
TESTCASE=EC-013-CENTURY-BOUNDARY-Y2K
ACCT_OPEN_DATE=1999-12-31
ACCT_EXPIRAION_DATE=2000-01-01
EXPECTED_VALIDATION=VALID_CENTURY_CROSS
EXPECTED_RESULT=SUCCESS

# Test Case: EC-014 - Century Boundary Date (2100)
TESTCASE=EC-014-CENTURY-BOUNDARY-2100
ACCT_OPEN_DATE=2099-12-31
ACCT_EXPIRAION_DATE=2100-01-01
EXPECTED_VALIDATION=VALID_CENTURY_CROSS
EXPECTED_RESULT=SUCCESS

# Test Case: EC-015 - Date Format Edge Cases
TESTCASE=EC-015-DATE-FORMAT-EDGE
ACCT_OPEN_DATE=          
ACCT_EXPIRAION_DATE=0000-00-00
ACCT_REISSUE_DATE=          
EXPECTED_NULL_HANDLING=SPACES_TO_NULL
EXPECTED_INVALID_HANDLING=ERROR
EXPECTED_RESULT=PARTIAL_SUCCESS

# ========================================================================
# SECTION 5: SPECIAL CHARACTER AND NULL HANDLING
# ========================================================================

# Test Case: EC-016 - Special Characters in Account Fields
TESTCASE=EC-016-SPECIAL-CHARS
ACCT_ADDR_ZIP=12345-6789
ACCT_GROUP_ID=GRP@#$%^&*
EXPECTED_SPECIAL_CHAR_HANDLING=PRESERVED
EXPECTED_VALIDATION=PASS_WITH_SPECIAL_CHARS
EXPECTED_RESULT=SUCCESS

# Test Case: EC-017 - Null and Space Handling
TESTCASE=EC-017-NULL-SPACE-HANDLING
ACCT_ADDR_ZIP=          
ACCT_GROUP_ID=          
ACCT_OPEN_DATE=          
EXPECTED_NULL_CONVERSION=SPACES_TO_NULL
EXPECTED_RESULT=SUCCESS
NULL_HANDLING_CHECK=COBOL_COMPATIBLE

# Test Case: EC-018 - Empty String vs Spaces
TESTCASE=EC-018-EMPTY-VS-SPACES
ACCT_ADDR_ZIP=
ACCT_GROUP_ID=     
EXPECTED_EMPTY_HANDLING=CONVERT_TO_SPACES
EXPECTED_SPACE_HANDLING=PRESERVE_SPACES
EXPECTED_RESULT=SUCCESS

# Test Case: EC-019 - Unicode and Extended Characters
TESTCASE=EC-019-UNICODE-CHARS
ACCT_ADDR_ZIP=Zürich123
ACCT_GROUP_ID=Grp™®©
EXPECTED_UNICODE_HANDLING=ERROR_OR_CONVERT
EXPECTED_RESULT=ERROR
EXPECTED_ERROR_CODE=INVALID_CHARACTER_SET

# ========================================================================
# SECTION 6: FINANCIAL CALCULATION EDGE CASES
# ========================================================================

# Test Case: EC-020 - Interest Calculation on Zero Balance
TESTCASE=EC-020-INTEREST-ZERO-BALANCE
ACCT_ID=00000000001
ACCT_CURR_BAL=0000000000.00
INTEREST_RATE=0015.50
EXPECTED_INTEREST=0000000000.00
EXPECTED_NEW_BALANCE=0000000000.00
CALCULATION_CHECK=ZERO_TIMES_ANY_IS_ZERO

# Test Case: EC-021 - Interest Calculation on Negative Balance
TESTCASE=EC-021-INTEREST-NEGATIVE-BALANCE
ACCT_ID=00000000002
ACCT_CURR_BAL=-1000.00
INTEREST_RATE=0015.50
EXPECTED_INTEREST=-155.00
EXPECTED_NEW_BALANCE=-1155.00
CALCULATION_CHECK=NEGATIVE_INTEREST_ON_NEGATIVE_BALANCE

# Test Case: EC-022 - Compound Interest Edge Case
TESTCASE=EC-022-COMPOUND-INTEREST
ACCT_ID=00000000003
ACCT_CURR_BAL=9999999999.99
DAILY_INTEREST_RATE=0000.041096
EXPECTED_DAILY_INTEREST=410958.90
EXPECTED_OVERFLOW_CHECK=TRUE
EXPECTED_RESULT=OVERFLOW_ERROR

# Test Case: EC-023 - Precision in Division Operations
TESTCASE=EC-023-DIVISION-PRECISION
PRINCIPAL_AMOUNT=1000.00
DIVISOR=3
EXPECTED_QUOTIENT=333.33
REMAINDER=0.01
PRECISION_CHECK=COBOL_ROUNDING_COMPATIBLE

# Test Case: EC-024 - Credit Limit Boundary Validation
TESTCASE=EC-024-CREDIT-LIMIT-BOUNDARY
ACCT_ID=00000000004
ACCT_CURR_BAL=4999.99
ACCT_CREDIT_LIMIT=5000.00
TRAN_AMT=0000000000.02
EXPECTED_VALIDATION=OVER_LIMIT_ERROR
EXPECTED_RESULT=ERROR
EXPECTED_ERROR_CODE=CREDIT_LIMIT_EXCEEDED

# ========================================================================
# SECTION 7: TRANSACTION TYPE AND STATUS EDGE CASES
# ========================================================================

# Test Case: EC-025 - Invalid Transaction Type
TESTCASE=EC-025-INVALID-TRAN-TYPE
TRAN_ID=1234567890123456
TRAN_TYPE_CD=99
TRAN_AMT=100.00
EXPECTED_VALIDATION=INVALID_TRANSACTION_TYPE
EXPECTED_RESULT=ERROR
EXPECTED_ERROR_CODE=INVALID_TRAN_TYPE

# Test Case: EC-026 - Account Status Edge Cases
TESTCASE=EC-026-ACCOUNT-STATUS-EDGE
ACCT_ID=00000000005
ACCT_ACTIVE_STATUS=X
TRAN_AMT=100.00
EXPECTED_VALIDATION=INVALID_ACCOUNT_STATUS
EXPECTED_RESULT=ERROR
EXPECTED_ERROR_CODE=INVALID_ACCOUNT_STATUS

# Test Case: EC-027 - Closed Account Transaction Attempt
TESTCASE=EC-027-CLOSED-ACCOUNT-TRAN
ACCT_ID=00000000006
ACCT_ACTIVE_STATUS=C
TRAN_AMT=100.00
EXPECTED_VALIDATION=ACCOUNT_CLOSED_ERROR
EXPECTED_RESULT=ERROR
EXPECTED_ERROR_CODE=ACCOUNT_CLOSED

# ========================================================================
# SECTION 8: PERFORMANCE AND STRESS TEST BOUNDARIES
# ========================================================================

# Test Case: EC-028 - Maximum Record Processing
TESTCASE=EC-028-MAX-RECORD-PROCESSING
RECORD_COUNT=1000000
PROCESSING_TIME_LIMIT=240000
EXPECTED_COMPLETION_STATUS=SUCCESS
EXPECTED_MEMORY_USAGE=WITHIN_LIMITS
PERFORMANCE_CHECK=UNDER_4_HOUR_WINDOW

# Test Case: EC-029 - Concurrent Transaction Processing
TESTCASE=EC-029-CONCURRENT-PROCESSING
CONCURRENT_TRANSACTIONS=1000
EXPECTED_RESPONSE_TIME_MS=200
EXPECTED_SUCCESS_RATE=99.99
CONCURRENCY_CHECK=NO_DEADLOCKS

# Test Case: EC-030 - Large File Processing
TESTCASE=EC-030-LARGE-FILE-PROCESSING
FILE_SIZE_MB=2048
RECORD_SIZE_BYTES=300
TOTAL_RECORDS=7158278
EXPECTED_PROCESSING_TIME=14400
MEMORY_EFFICIENCY_CHECK=STREAMING_PROCESSING

# ========================================================================
# SECTION 9: COBOL-SPECIFIC BEHAVIOR REPLICATION
# ========================================================================

# Test Case: EC-031 - COBOL Move Semantics
TESTCASE=EC-031-COBOL-MOVE-SEMANTICS
SOURCE_FIELD=12345
TARGET_FIELD_PIC_9_3=123
TARGET_FIELD_PIC_9_7=0012345
EXPECTED_TRUNCATION=LEFT_TRUNCATION
EXPECTED_PADDING=RIGHT_ZERO_PAD

# Test Case: EC-032 - COBOL Numeric Comparison
TESTCASE=EC-032-NUMERIC-COMPARISON
VALUE_A=000123.45
VALUE_B=123.450
EXPECTED_COMPARISON=EQUAL
COBOL_NUMERIC_COMPARE=ALGEBRAIC_EQUAL

# Test Case: EC-033 - COBOL String Comparison
TESTCASE=EC-033-STRING-COMPARISON
STRING_A=ABC       
STRING_B=ABC
EXPECTED_COMPARISON=EQUAL
COBOL_STRING_COMPARE=SPACE_PADDED_EQUAL

# Test Case: EC-034 - COBOL Sign Handling
TESTCASE=EC-034-SIGN-HANDLING
SIGNED_VALUE=+000123.45
UNSIGNED_VALUE=000123.45
EXPECTED_SIGN_PRESERVATION=POSITIVE_SIGN_MAINTAINED
COBOL_SIGN_BEHAVIOR=LEADING_SEPARATE_SIGN

# ========================================================================
# SECTION 10: ERROR CONDITION TESTING
# ========================================================================

# Test Case: EC-035 - File Not Found Error
TESTCASE=EC-035-FILE-NOT-FOUND
FILE_NAME=NONEXISTENT.DAT
EXPECTED_ERROR_CODE=FILE_NOT_FOUND
EXPECTED_ABEND_CODE=NONE
EXPECTED_RECOVERY=GRACEFUL_ERROR_HANDLING

# Test Case: EC-036 - Duplicate Key Error
TESTCASE=EC-036-DUPLICATE-KEY
ACCT_ID=12345678901
DUPLICATE_ACCT_ID=12345678901
EXPECTED_ERROR_CODE=DUPLICATE_KEY_ERROR
EXPECTED_RESULT=ERROR
DATABASE_CONSTRAINT_CHECK=PRIMARY_KEY_VIOLATION

# Test Case: EC-037 - Invalid Key Format
TESTCASE=EC-037-INVALID-KEY-FORMAT
ACCT_ID=ABC45678901
EXPECTED_ERROR_CODE=INVALID_KEY_FORMAT
EXPECTED_VALIDATION=NUMERIC_FIELD_ERROR
EXPECTED_RESULT=ERROR

# Test Case: EC-038 - Memory Overflow Simulation
TESTCASE=EC-038-MEMORY-OVERFLOW
LARGE_DATA_SIZE=999999999
EXPECTED_ERROR_CODE=MEMORY_OVERFLOW
EXPECTED_HANDLING=GRACEFUL_DEGRADATION
SYSTEM_STABILITY_CHECK=NO_CRASH

# ========================================================================
# SUMMARY VALIDATION CHECKPOINTS
# ========================================================================

TOTAL_TEST_CASES=38
CRITICAL_EDGE_CASES=38
COMP3_PRECISION_TESTS=10
DATE_BOUNDARY_TESTS=5
FINANCIAL_CALCULATION_TESTS=5
SPECIAL_CHARACTER_TESTS=4
COBOL_BEHAVIOR_TESTS=4
ERROR_CONDITION_TESTS=4
PERFORMANCE_BOUNDARY_TESTS=3
MAXIMUM_VALUE_TESTS=3

# All test cases must produce identical results between COBOL and Java implementations
# COMP-3 precision must be preserved to exact decimal places
# Date handling must replicate COBOL century and leap year behavior
# Special character handling must match COBOL EBCDIC to ASCII conversion rules
# Financial calculations must maintain penny-perfect accuracy
# Error conditions must trigger identical error codes and recovery procedures

# End of Edge Cases Expected Output File