*********************************************************START OF STATEMENT*********************************************************
John Q. Smith                                                                                                                       
123 Main Street                                                                                                                     
Apartment 4B                                                                                                                        
Anytown NY USA 12345                                                                                                                
------------------------------------------------------------------------------------------------------------------------------------
                                                           Basic Details                                                            
------------------------------------------------------------------------------------------------------------------------------------
Account ID         :11223344556                                                                                                     
Current Balance    :1234567.89                                                                                                      
FICO Score         :750                                                                                                             
------------------------------------------------------------------------------------------------------------------------------------
                                                        TRANSACTION SUMMARY                                                         
------------------------------------------------------------------------------------------------------------------------------------
Tran ID         Tran Details                                              Tran Amount                                               
------------------------------------------------------------------------------------------------------------------------------------
4000000000000001 Amazon.com Purchase - Electronics                       $    129.99                                                
4000000000000002 Starbucks Coffee - Seattle WA                           $      4.50                                                
4000000000000003 Shell Gas Station - Fuel Purchase                       $     35.75                                                
4000000000000004 Walmart Supercenter - Groceries                         $     87.23                                                
4000000000000005 McDonald's Restaurant - Fast Food                       $     12.45                                                
4000000000000006 Target Store - Clothing Purchase                        $     65.40                                                
4000000000000007 Home Depot - Home Improvement                           $    156.89                                                
4000000000000008 CVS Pharmacy - Prescription Refill                      $     28.75                                                
4000000000000009 Best Buy - Electronics Accessories                      $     89.99                                                
4000000000000010 Grocery Outlet - Weekly Shopping                        $     45.67                                                
------------------------------------------------------------------------------------------------------------------------------------
Total EXP:                                                                $    656.62                                               
********************************************************END OF STATEMENT************************************************************
