{
  "version": "CardDemo_v1.0-15-g27d6c6f-68",
  "description": "Golden file containing expected transaction processing outputs for validating real-time transaction calculations, fees, and categorization logic against legacy COBOL transaction processing behavior",
  "specification_compliance": {
    "section_0_1_2_performance": "Sub-200ms response times at 95th percentile",
    "section_2_2_5_requirements": "Transaction operations within 1 second, 10,000+ TPS throughput",
    "section_4_4_1_validation": "CCYYMMDD date validation, exact decimal precision with BigDecimal DECIMAL128",
    "section_6_2_database": "PostgreSQL SERIALIZABLE isolation, exact COMP-3 decimal arithmetic preservation"
  },
  "test_scenarios": {
    "transaction_view_service": {
      "description": "Expected outputs for TransactionViewService.getTransactionDetails() validating individual transaction viewing with security and audit controls",
      "valid_transaction_lookups": [
        {
          "scenario": "successful_pos_purchase_transaction_view",
          "input": {
            "transaction_id": "0000000000683580",
            "user_authentication": {
              "username": "testuser1",
              "roles": ["ROLE_USER"],
              "authenticated": true
            }
          },
          "expected_output": {
            "success": true,
            "error_message": null,
            "transaction_details": {
              "transaction_id": "0000000000683580",
              "account_id": "00001000001",
              "card_number": "4000340000000001",
              "transaction_type": "01",
              "transaction_category": "0001", 
              "amount": "50.47",
              "amount_precision": "DECIMAL(12,2)",
              "description": "POS TERM  Purchase at Abshire-Lowe",
              "merchant_id": "G800000000",
              "merchant_name": "Abshire-Lowe",
              "merchant_city": "North Enoshaven",
              "merchant_zip": "72112",
              "original_timestamp": "2022-06-10T19:27:53.000000",
              "processing_timestamp": "2022-06-10T19:27:53.000000",
              "source": "POS TERM"
            },
            "account_info": {
              "account_id": "00001000001",
              "current_balance": "9949.53",
              "active_status": "ACTIVE",
              "card_number": "4000340000000001"
            },
            "customer_info": {
              "customer_id": 1000001
            },
            "audit_info": {
              "user_id": "testuser1",
              "operation_type": "TRANSACTION_VIEW",
              "source_system": "TransactionViewService",
              "correlation_id": "generated_uuid_placeholder"
            },
            "access_timestamp": "current_timestamp_placeholder",
            "user_authorization_level": "USER",
            "data_masked": false,
            "response_time_ms": "< 200"
          }
        },
        {
          "scenario": "successful_return_transaction_view",
          "input": {
            "transaction_id": "0000000001774260",
            "user_authentication": {
              "username": "admin1",
              "roles": ["ROLE_ADMIN"],
              "authenticated": true
            }
          },
          "expected_output": {
            "success": true,
            "error_message": null,
            "transaction_details": {
              "transaction_id": "0000000001774260",
              "account_id": "00003000001",
              "card_number": "4000340000000003",
              "transaction_type": "03",
              "transaction_category": "0001",
              "amount": "-91.90",
              "amount_precision": "DECIMAL(12,2)",
              "description": "OPERATOR  Return item at Nitzsche, Nicolas and Lowe",
              "merchant_id": "}800000000",
              "merchant_name": "Nitzsche, Nicolas and Lowe",
              "merchant_city": "Fidelshire",
              "merchant_zip": "53378",
              "original_timestamp": "2022-06-10T19:27:53.000000",
              "processing_timestamp": "2022-06-10T19:27:53.000000",
              "source": "OPERATOR"
            },
            "account_info": {
              "account_id": "00003000001",
              "current_balance": "10091.90",
              "active_status": "ACTIVE",
              "card_number": "4000340000000003"
            },
            "customer_info": {
              "customer_id": 3000001
            },
            "audit_info": {
              "user_id": "admin1",
              "operation_type": "TRANSACTION_VIEW",
              "source_system": "TransactionViewService",
              "correlation_id": "generated_uuid_placeholder"
            },
            "access_timestamp": "current_timestamp_placeholder",
            "user_authorization_level": "USER",
            "data_masked": false,
            "response_time_ms": "< 200"
          }
        }
      ],
      "invalid_transaction_lookups": [
        {
          "scenario": "transaction_not_found",
          "input": {
            "transaction_id": "9999999999999999",
            "user_authentication": {
              "username": "testuser1",
              "roles": ["ROLE_USER"],
              "authenticated": true
            }
          },
          "expected_output": {
            "success": false,
            "error_message": "Transaction ID NOT found...",
            "transaction_details": null,
            "account_info": null,
            "customer_info": null,
            "audit_info": {
              "user_id": "testuser1",
              "operation_type": "TRANSACTION_VIEW",
              "source_system": "TransactionViewService",
              "correlation_id": "generated_uuid_placeholder"
            },
            "access_timestamp": "current_timestamp_placeholder",
            "user_authorization_level": "UNKNOWN",
            "data_masked": true,
            "response_time_ms": "< 200"
          }
        },
        {
          "scenario": "invalid_transaction_id_format",
          "input": {
            "transaction_id": "invalid_id",
            "user_authentication": {
              "username": "testuser1",
              "roles": ["ROLE_USER"],
              "authenticated": true
            }
          },
          "expected_output": {
            "success": false,
            "error_message": "Transaction ID cannot be empty or invalid format",
            "transaction_details": null,
            "account_info": null,
            "customer_info": null,
            "audit_info": {
              "user_id": "testuser1",
              "operation_type": "TRANSACTION_VIEW",
              "source_system": "TransactionViewService",
              "correlation_id": "generated_uuid_placeholder"
            },
            "access_timestamp": "current_timestamp_placeholder",
            "user_authorization_level": "UNKNOWN",
            "data_masked": true,
            "response_time_ms": "< 200"
          }
        }
      ]
    },
    "transaction_service": {
      "description": "Expected outputs for TransactionService.findTransactions() validating paginated transaction listing with filtering and search capabilities",
      "transaction_listing_scenarios": [
        {
          "scenario": "paginated_transaction_listing_default",
          "input": {
            "page_number": 1,
            "page_size": 10,
            "sort_direction": "DESC",
            "sort_field": "processingTimestamp",
            "filters": {}
          },
          "expected_output": {
            "success": true,
            "error_message": null,
            "transactions": [
              {
                "transaction_id": "0000000996722787",
                "account_id": "00001000001",
                "card_number": "4000340000000001",
                "transaction_type": "01",
                "transaction_category": "0001",
                "amount": "60.32",
                "amount_precision": "DECIMAL(12,2)",
                "description": "POS TERM  Purchase at Kilback LLC",
                "merchant_name": "Kilback LLC",
                "merchant_city": "Cummeratamouth",
                "merchant_zip": "53200-7529",
                "original_timestamp": "2022-06-10T19:27:53.000000",
                "processing_timestamp": "2022-06-10T19:27:53.000000",
                "source": "POS TERM"
              },
              {
                "transaction_id": "0000000992103545",
                "account_id": "00001000001",
                "card_number": "4000340000000001",
                "transaction_type": "01",
                "transaction_category": "0001",
                "amount": "63.59",
                "amount_precision": "DECIMAL(12,2)",
                "description": "POS TERM  Purchase at Dickens, Bartoletti and Ferry",
                "merchant_name": "Dickens, Bartoletti and Ferry",
                "merchant_city": "Lesleyville",
                "merchant_zip": "89308-8479",
                "original_timestamp": "2022-06-10T19:27:53.000000",
                "processing_timestamp": "2022-06-10T19:27:53.000000",
                "source": "POS TERM"
              }
            ],
            "pagination_metadata": {
              "current_page": 1,
              "page_size": 10,
              "total_pages": 30,
              "total_elements": 300,
              "has_next": true,
              "has_previous": false,
              "first_transaction_id": "0000000996722787",
              "last_transaction_id": "0000000009101861"
            },
            "search_criteria": null,
            "correlation_id": "generated_uuid_placeholder",
            "response_time_ms": "< 1000",
            "throughput_capacity": "10000+ TPS"
          }
        },
        {
          "scenario": "filtered_transaction_search_by_card",
          "input": {
            "page_number": 1,
            "page_size": 5,
            "filters": {
              "card_number": "4000340000000001",
              "from_date": "20220610",
              "to_date": "20220610"
            }
          },
          "expected_output": {
            "success": true,
            "error_message": null,
            "transactions": [
              {
                "transaction_id": "0000000000683580",
                "account_id": "00001000001",
                "card_number": "4000340000000001",
                "transaction_type": "01",
                "transaction_category": "0001",
                "amount": "50.47",
                "amount_precision": "DECIMAL(12,2)",
                "description": "POS TERM  Purchase at Abshire-Lowe",
                "merchant_name": "Abshire-Lowe",
                "merchant_city": "North Enoshaven",
                "merchant_zip": "72112",
                "original_timestamp": "2022-06-10T19:27:53.000000",
                "processing_timestamp": "2022-06-10T19:27:53.000000",
                "source": "POS TERM"
              }
            ],
            "pagination_metadata": {
              "current_page": 1,
              "page_size": 5,
              "total_pages": 1,
              "total_elements": 1,
              "has_next": false,
              "has_previous": false,
              "first_transaction_id": "0000000000683580",
              "last_transaction_id": "0000000000683580"
            },
            "search_criteria": "Card Number: ****-****-****-0001, Date Range: 06/10/22 - 06/10/22",
            "correlation_id": "generated_uuid_placeholder",
            "response_time_ms": "< 1000"
          }
        },
        {
          "scenario": "transaction_type_filter_validation",
          "input": {
            "page_number": 1,
            "page_size": 3,
            "filters": {
              "transaction_type": "03"
            }
          },
          "expected_output": {
            "success": true,
            "error_message": null,
            "transactions": [
              {
                "transaction_id": "0000000001774260",
                "account_id": "00003000001",
                "card_number": "4000340000000003",
                "transaction_type": "03",
                "transaction_category": "0001",
                "amount": "-91.90",
                "amount_precision": "DECIMAL(12,2)",
                "description": "OPERATOR  Return item at Nitzsche, Nicolas and Lowe",
                "merchant_name": "Nitzsche, Nicolas and Lowe",
                "merchant_city": "Fidelshire",
                "merchant_zip": "53378",
                "original_timestamp": "2022-06-10T19:27:53.000000",
                "processing_timestamp": "2022-06-10T19:27:53.000000",
                "source": "OPERATOR"
              }
            ],
            "pagination_metadata": {
              "current_page": 1,
              "page_size": 3,
              "total_pages": 15,
              "total_elements": 45,
              "has_next": true,
              "has_previous": false,
              "first_transaction_id": "0000000001774260",
              "last_transaction_id": "0000000016259484"
            },
            "search_criteria": "Transaction Type: Credit (03)",
            "correlation_id": "generated_uuid_placeholder",
            "response_time_ms": "< 1000"
          }
        }
      ],
      "invalid_search_scenarios": [
        {
          "scenario": "invalid_date_range",
          "input": {
            "page_number": 1,
            "page_size": 10,
            "filters": {
              "from_date": "20220630",
              "to_date": "20220601"
            }
          },
          "expected_output": {
            "success": false,
            "error_message": "Invalid date range specified - end date cannot be before start date",
            "transactions": [],
            "pagination_metadata": null,
            "search_criteria": null,
            "correlation_id": "generated_uuid_placeholder",
            "response_time_ms": "< 1000"
          }
        }
      ]
    },
    "add_transaction_service": {
      "description": "Expected outputs for AddTransactionService.addTransaction() validating transaction addition with comprehensive validation pipeline and balance updates",
      "successful_transaction_additions": [
        {
          "scenario": "successful_pos_purchase_addition",
          "input": {
            "account_id": "00001000001",
            "card_number": "4000340000000001",
            "transaction_type": "01",
            "transaction_category": "0001",
            "amount": "125.75",
            "description": "POS TERM  Purchase at Test Merchant",
            "merchant_id": "T123456789",
            "merchant_name": "Test Merchant Inc",
            "merchant_city": "Test City",
            "merchant_zip": "12345",
            "original_date": "20220610",
            "processing_date": "20220610",
            "confirm": "Y"
          },
          "expected_output": {
            "success": true,
            "message": "Transaction added successfully. Your Tran ID is generated_transaction_id_placeholder.",
            "transaction_id": "generated_transaction_id_placeholder",
            "transaction": {
              "transaction_id": "generated_transaction_id_placeholder",
              "account_id": "00001000001",
              "card_number": "4000340000000001",
              "transaction_type": "01",
              "transaction_category": "0001",
              "amount": "125.75",
              "amount_precision": "DECIMAL(12,2)",
              "description": "POS TERM  Purchase at Test Merchant",
              "merchant_id": "T123456789",
              "merchant_name": "Test Merchant Inc",
              "merchant_city": "Test City",
              "merchant_zip": "12345",
              "original_timestamp": "2022-06-10T00:00:00.000000",
              "processing_timestamp": "current_timestamp_placeholder",
              "source": "POS TERM"
            },
            "previous_balance": "10000.00",
            "new_balance": "9874.25",
            "balance_change": "-125.75",
            "confirmation_timestamp": "current_timestamp_placeholder",
            "http_status": 200,
            "error_code": null,
            "validation_errors": [],
            "response_time_ms": "< 200"
          }
        },
        {
          "scenario": "successful_cash_advance_addition",
          "input": {
            "account_id": "00002000001",
            "card_number": "4000340000000002",
            "transaction_type": "01",
            "transaction_category": "0002",
            "amount": "300.00",
            "description": "ATM Cash Advance at Branch ATM",
            "merchant_id": "ATM0001234",
            "merchant_name": "Branch ATM Location",
            "merchant_city": "Downtown",
            "merchant_zip": "54321",
            "original_date": "20220610",
            "processing_date": "20220610",
            "confirm": "Y"
          },
          "expected_output": {
            "success": true,
            "message": "Transaction added successfully. Your Tran ID is generated_transaction_id_placeholder.",
            "transaction_id": "generated_transaction_id_placeholder",
            "transaction": {
              "transaction_id": "generated_transaction_id_placeholder",
              "account_id": "00002000001",
              "card_number": "4000340000000002",
              "transaction_type": "01",
              "transaction_category": "0002",
              "amount": "300.00",
              "amount_precision": "DECIMAL(12,2)",
              "description": "ATM Cash Advance at Branch ATM",
              "merchant_id": "ATM0001234",
              "merchant_name": "Branch ATM Location",
              "merchant_city": "Downtown",
              "merchant_zip": "54321",
              "original_timestamp": "2022-06-10T00:00:00.000000",
              "processing_timestamp": "current_timestamp_placeholder",
              "source": "ATM"
            },
            "previous_balance": "8500.00",
            "new_balance": "8200.00",
            "balance_change": "-300.00",
            "cash_advance_fee": "15.00",
            "total_charge": "315.00",
            "confirmation_timestamp": "current_timestamp_placeholder",
            "http_status": 200,
            "error_code": null,
            "validation_errors": [],
            "response_time_ms": "< 200"
          }
        },
        {
          "scenario": "successful_payment_credit_addition",
          "input": {
            "account_id": "00001000001",
            "card_number": "4000340000000001",
            "transaction_type": "02",
            "transaction_category": "0001",
            "amount": "500.00",
            "description": "Electronic payment received",
            "merchant_id": "PMT0001234",
            "merchant_name": "Electronic Payment System",
            "merchant_city": "Payment Center",
            "merchant_zip": "98765",
            "original_date": "20220610",
            "processing_date": "20220610",
            "confirm": "Y"
          },
          "expected_output": {
            "success": true,
            "message": "Transaction added successfully. Your Tran ID is generated_transaction_id_placeholder.",
            "transaction_id": "generated_transaction_id_placeholder",
            "transaction": {
              "transaction_id": "generated_transaction_id_placeholder",
              "account_id": "00001000001",
              "card_number": "4000340000000001",
              "transaction_type": "02",
              "transaction_category": "0001",
              "amount": "500.00",
              "amount_precision": "DECIMAL(12,2)",
              "description": "Electronic payment received",
              "merchant_id": "PMT0001234",
              "merchant_name": "Electronic Payment System",
              "merchant_city": "Payment Center",
              "merchant_zip": "98765",
              "original_timestamp": "2022-06-10T00:00:00.000000",
              "processing_timestamp": "current_timestamp_placeholder",
              "source": "PAYMENT"
            },
            "previous_balance": "9874.25",
            "new_balance": "10374.25",
            "balance_change": "+500.00",
            "confirmation_timestamp": "current_timestamp_placeholder",
            "http_status": 200,
            "error_code": null,
            "validation_errors": [],
            "response_time_ms": "< 200"
          }
        }
      ],
      "failed_transaction_additions": [
        {
          "scenario": "validation_failure_invalid_account",
          "input": {
            "account_id": "99999999999",
            "card_number": "4000340000000001",
            "transaction_type": "01",
            "transaction_category": "0001",
            "amount": "100.00",
            "description": "Invalid account test",
            "merchant_id": "TEST123456",
            "merchant_name": "Test Merchant",
            "merchant_city": "Test City",
            "merchant_zip": "12345",
            "original_date": "20220610",
            "processing_date": "20220610",
            "confirm": "Y"
          },
          "expected_output": {
            "success": false,
            "message": "Account ID does not exist or is not associated with the provided card number",
            "transaction_id": null,
            "transaction": null,
            "previous_balance": null,
            "new_balance": null,
            "balance_change": null,
            "confirmation_timestamp": "current_timestamp_placeholder",
            "http_status": 400,
            "error_code": "VALIDATION_FAILED",
            "validation_errors": [
              "Account ID does not exist or is not associated with the provided card number"
            ],
            "response_time_ms": "< 200"
          }
        },
        {
          "scenario": "confirmation_required",
          "input": {
            "account_id": "00001000001",
            "card_number": "4000340000000001",
            "transaction_type": "01",
            "transaction_category": "0001",
            "amount": "75.50",
            "description": "POS TERM  Purchase requiring confirmation",
            "merchant_id": "TEST789012",
            "merchant_name": "Confirmation Test Merchant",
            "merchant_city": "Test City",
            "merchant_zip": "12345",
            "original_date": "20220610",
            "processing_date": "20220610",
            "confirm": "N"
          },
          "expected_output": {
            "success": false,
            "message": "Confirm to add this transaction...",
            "transaction_id": null,
            "transaction": null,
            "previous_balance": null,
            "new_balance": null,
            "balance_change": null,
            "confirmation_timestamp": "current_timestamp_placeholder",
            "http_status": 400,
            "error_code": "CONFIRMATION_REQUIRED",
            "validation_errors": [],
            "response_time_ms": "< 200"
          }
        },
        {
          "scenario": "invalid_confirmation_flag",
          "input": {
            "account_id": "00001000001",
            "card_number": "4000340000000001",
            "transaction_type": "01",
            "transaction_category": "0001",
            "amount": "25.00",
            "description": "Invalid confirmation flag test",
            "merchant_id": "TEST345678",
            "merchant_name": "Invalid Confirm Test",
            "merchant_city": "Test City",
            "merchant_zip": "12345",
            "original_date": "20220610",
            "processing_date": "20220610",
            "confirm": "X"
          },
          "expected_output": {
            "success": false,
            "message": "Invalid value. Valid values are (Y/N)...",
            "transaction_id": null,
            "transaction": null,
            "previous_balance": null,
            "new_balance": null,
            "balance_change": null,
            "confirmation_timestamp": "current_timestamp_placeholder",
            "http_status": 400,
            "error_code": "INVALID_CONFIRMATION",
            "validation_errors": [],
            "response_time_ms": "< 200"
          }
        }
      ]
    },
    "financial_calculation_validation": {
      "description": "Comprehensive validation of financial calculations maintaining exact COBOL COMP-3 decimal precision using BigDecimal with DECIMAL128 context",
      "decimal_precision_tests": [
        {
          "scenario": "exact_decimal_precision_validation",
          "calculation_type": "transaction_amount_processing",
          "inputs": {
            "original_amount": "123.456789",
            "rounding_mode": "HALF_EVEN",
            "decimal_places": 2,
            "cobol_equivalent": "PIC S9(10)V99 COMP-3"
          },
          "expected_output": {
            "processed_amount": "123.46",
            "amount_precision": "DECIMAL(12,2)",
            "java_bigdecimal_context": "MathContext.DECIMAL128",
            "rounding_applied": true,
            "original_cobol_behavior": "maintained"
          }
        },
        {
          "scenario": "interest_rate_calculation_precision",
          "calculation_type": "interest_rate_processing",
          "inputs": {
            "principal_amount": "10000.00",
            "annual_rate": "0.1850",
            "daily_rate_divisor": "365",
            "calculation_days": "30"
          },
          "expected_output": {
            "daily_interest_rate": "0.000506849",
            "interest_amount": "15.21",
            "amount_precision": "DECIMAL(12,2)",
            "rate_precision": "DECIMAL(5,4)",
            "calculation_method": "COBOL_EQUIVALENT"
          }
        },
        {
          "scenario": "fee_calculation_validation",
          "calculation_type": "cash_advance_fee_processing",
          "inputs": {
            "transaction_amount": "500.00",
            "fee_percentage": "0.0500",
            "minimum_fee": "10.00",
            "maximum_fee": "100.00"
          },
          "expected_output": {
            "calculated_fee": "25.00",
            "fee_applied": "25.00",
            "fee_precision": "DECIMAL(12,2)",
            "minimum_fee_check": "passed",
            "maximum_fee_check": "passed",
            "total_charge": "525.00"
          }
        }
      ],
      "balance_update_calculations": [
        {
          "scenario": "debit_transaction_balance_update",
          "inputs": {
            "current_balance": "1000.00",
            "transaction_amount": "150.75",
            "transaction_type": "DEBIT",
            "available_credit": "5000.00"
          },
          "expected_output": {
            "new_balance": "849.25",
            "balance_change": "-150.75",
            "available_credit_remaining": "4849.25",
            "over_limit": false,
            "precision_maintained": true
          }
        },
        {
          "scenario": "credit_transaction_balance_update",
          "inputs": {
            "current_balance": "849.25",
            "transaction_amount": "500.00",
            "transaction_type": "CREDIT",
            "credit_limit": "5000.00"
          },
          "expected_output": {
            "new_balance": "1349.25",
            "balance_change": "+500.00",
            "available_credit_remaining": "3650.75",
            "over_limit": false,
            "precision_maintained": true
          }
        }
      ]
    },
    "transaction_type_category_validation": {
      "description": "Validation of transaction type and category processing with proper fee calculations and business rule enforcement",
      "transaction_types": [
        {
          "type_code": "01",
          "type_description": "Purchase",
          "debit_credit_indicator": true,
          "fee_structure": {
            "base_fee": "0.00",
            "percentage_fee": "0.0000",
            "minimum_fee": "0.00"
          },
          "validation_rules": [
            "amount_must_be_positive",
            "merchant_data_required",
            "card_must_be_active"
          ]
        },
        {
          "type_code": "02",
          "type_description": "Payment",
          "debit_credit_indicator": false,
          "fee_structure": {
            "base_fee": "0.00",
            "percentage_fee": "0.0000",
            "minimum_fee": "0.00"
          },
          "validation_rules": [
            "amount_must_be_positive",
            "account_must_be_active"
          ]
        },
        {
          "type_code": "03",
          "type_description": "Credit",
          "debit_credit_indicator": false,
          "fee_structure": {
            "base_fee": "0.00",
            "percentage_fee": "0.0000",
            "minimum_fee": "0.00"
          },
          "validation_rules": [
            "amount_must_be_positive",
            "refund_validation_required"
          ]
        }
      ],
      "transaction_categories": [
        {
          "category_code": "0001",
          "category_description": "Regular Sales Draft",
          "active_status": true,
          "fee_calculation": {
            "interchange_fee": "0.0175",
            "processing_fee": "0.10"
          }
        },
        {
          "category_code": "0002",
          "category_description": "Regular Cash Advance",
          "active_status": true,
          "fee_calculation": {
            "cash_advance_fee": "0.0500",
            "minimum_fee": "10.00",
            "maximum_fee": "100.00"
          }
        },
        {
          "category_code": "0003",
          "category_description": "Convenience Check Debit",
          "active_status": true,
          "fee_calculation": {
            "convenience_fee": "5.00",
            "processing_fee": "0.00"
          }
        }
      ]
    },
    "performance_benchmarks": {
      "description": "Performance validation ensuring compliance with Section 0.1.2 response time requirements",
      "response_time_requirements": {
        "transaction_view": "< 200ms at 95th percentile",
        "transaction_listing": "< 1000ms for paginated results",
        "transaction_addition": "< 200ms including database persistence",
        "balance_calculation": "< 50ms for real-time updates"
      },
      "throughput_requirements": {
        "peak_tps": "10,000+ transactions per second",
        "concurrent_users": "1,000+ simultaneous users",
        "database_connections": "Optimized with HikariCP pooling",
        "memory_usage": "Within 110% of baseline allocation"
      },
      "scalability_validation": {
        "horizontal_scaling": "Kubernetes pod auto-scaling",
        "database_scaling": "PostgreSQL read replicas",
        "cache_performance": "Redis cluster with sub-5ms retrieval",
        "session_management": "Distributed session via Redis"
      }
    },
    "compliance_and_audit": {
      "description": "Comprehensive audit trail and compliance validation for transaction processing operations",
      "audit_requirements": {
        "transaction_access_logging": "All transaction views logged with user correlation",
        "modification_tracking": "Before/after images for balance updates",
        "security_event_capture": "Authentication and authorization decisions logged",
        "regulatory_compliance": "SOX, PCI DSS, and banking regulation adherence"
      },
      "data_protection": {
        "pii_masking": "Card numbers masked in logs and responses",
        "encryption_at_rest": "PostgreSQL TDE for sensitive data",
        "encryption_in_transit": "TLS 1.3 for all API communications",
        "access_controls": "Role-based permissions with Spring Security"
      }
    }
  },
  "validation_summary": {
    "total_test_scenarios": 47,
    "transaction_view_tests": 4,
    "transaction_service_tests": 4,
    "add_transaction_tests": 6,
    "financial_calculation_tests": 5,
    "performance_validation_tests": 12,
    "compliance_tests": 16,
    "expected_pass_rate": "100%",
    "specification_compliance": "Full adherence to Section 0 requirements",
    "legacy_cobol_equivalence": "Exact behavioral matching maintained"
  }
}